// Jest Snapshot v1, https://goo.gl/fbAQLP

exports[`Fields/NumberField _NumberField smoke-test 1`] = `"<div class="e96xuqg0 css-ia7mgt-FieldWrap-StyledNumberField e1x0ipyd6"><div class="css-14uaz9q-FieldInside-FieldInside e1x0ipyd5"><label class="css-r9gw8d-Label-StyledLabel e1x0ipyd3">Number Field Label <div color="neutral" radius="large" class="css-6930ng-BadgeWrap-BadgeWrap epfx4ki3">Required</div></label><div class="css-dj548v-ChildrenWrap e1x0ipyd4"><input type="number" step="1" min="0" max="100" class="css-u2yb3u-StyledInput-StyledNumberInput ek12dbe3" value="10"></div><div class="css-11x906l-NumberInputStepper ek12dbe2"><button class="ek12dbe1 css-1l49kfj-IconButtonWrap-NumberIncrementStepper-NumberIncrementStepper e1s566520"><svg xmlns="http://www.w3.org/2000/svg" width="12" height="12" class="" viewBox="0 0 24 24" fill="none" stroke="currentColor" stroke-width="2" stroke-linecap="round" stroke-linejoin="round"><polyline points="6 9 12 15 18 9"></polyline></svg></button><button class="ek12dbe0 css-vie5fw-IconButtonWrap-NumberDecrementStepper-NumberDecrementStepper e1s566520"><svg xmlns="http://www.w3.org/2000/svg" width="12" height="12" class="" viewBox="0 0 24 24" fill="none" stroke="currentColor" stroke-width="2" stroke-linecap="round" stroke-linejoin="round"><polyline points="6 9 12 15 18 9"></polyline></svg></button></div><p class="css-nalsj0-StyledDescription e1x0ipyd1">This is a description</p></div></div>"`;
