// Jest Snapshot v1, https://goo.gl/fbAQLP

exports[`Components/Table _Table smoke-test 1`] = `""`;
