// Jest Snapshot v1, https://goo.gl/fbAQLP

exports[`Pages/AuthenticationPage _AuthenticationPage smoke-test 1`] = `"<section class="css-6kifnz-AuthPageWrap ewm0vog17"><div direction="up" class="css-x1vew5-AuthPageDialog ewm0vog16" style="opacity: 0; transform: scale(0.75, 0.5625); transition: opacity 250ms cubic-bezier(0.4, 0, 0.2, 1), transform 200ms cubic-bezier(0.4, 0, 0.2, 1);"><div class="css-1e0ecuz-LogoWrap ewm0vog15"><svg height="32" viewBox="0 0 335 90" version="1.1" xmlns="http://www.w3.org/2000/svg" aria-label="Decap logotype" class="css-1wbwziy-StyleSvg e6g4t171"><path d="M30.73 0.149188L0 2.94919L3.67 43.1592L23.7 41.3292L21.71 19.4692L32.42 18.4892C43.03 17.5192 51.56 26.0192 52.71 38.6792L72.38 36.8892C70.34 14.7192 51.64 -1.75081 30.73 0.149188Z" fill="#FF0082"></path><path d="M73.61 49.5091C73.61 62.2291 65.88 71.4591 55.24 71.4591H44.49V49.4691H24.38V89.8891H55.24C76.26 89.8891 93.36 71.7791 93.36 49.5091C93.36 49.4991 93.36 49.4891 93.36 49.4691H73.61C73.61 49.4691 73.61 49.4891 73.61 49.5091Z" fill="#FF0082"></path><g class="css-1actrlq-StyledName e6g4t170"><path d="M131.65 23.7092H151.66C166.07 23.7092 175.95 32.7992 175.95 46.7692C175.95 60.7392 166.07 69.8292 151.66 69.8292H131.65V23.7092ZM151.16 61.0592C159.91 61.0592 165.63 55.5892 165.63 46.7692C165.63 37.9492 159.9 32.4792 151.16 32.4792H141.85V61.0692H151.16V61.0592Z"></path><path d="M207.61 58.6892L212.83 64.6192C209.68 68.3692 204.96 70.3492 198.86 70.3492C187.16 70.3492 179.54 62.6392 179.54 52.0992C179.54 41.5592 187.22 33.8492 197.66 33.8492C207.22 33.8492 215.09 40.4392 215.15 51.7692L190.11 56.8392C191.56 60.3292 194.7 62.1092 199.11 62.1092C202.7 62.1092 205.28 60.9892 207.61 58.6792V58.6892ZM189.17 51.0492L205.66 47.6892C204.72 44.0692 201.76 41.6292 197.67 41.6292C192.76 41.6292 189.36 45.0592 189.17 51.0492Z"></path><path d="M218.25 52.0992C218.25 41.4292 226.12 33.8492 237.13 33.8492C244.24 33.8492 249.84 37.0792 252.3 42.8692L244.69 47.1492C242.86 43.7892 240.16 42.2792 237.08 42.2792C232.11 42.2792 228.21 45.8992 228.21 52.0892C228.21 58.2792 232.11 61.8992 237.08 61.8992C240.16 61.8992 242.87 60.4492 244.69 57.0292L252.3 61.3792C249.85 67.0492 244.25 70.3391 237.13 70.3391C226.12 70.3391 218.25 62.7592 218.25 52.0892V52.0992Z"></path><path d="M290.93 34.3792V69.8192H281.55V65.7392C279.1 68.8391 275.51 70.3492 270.98 70.3492C261.41 70.3492 254.05 63.2392 254.05 52.0992C254.05 40.9592 261.41 33.8492 270.98 33.8492C275.13 33.8492 278.66 35.2292 281.11 38.1292V34.3792H290.93ZM281.3 52.0992C281.3 45.9692 277.52 42.2892 272.68 42.2892C267.84 42.2892 264 45.9792 264 52.0992C264 58.2192 267.78 61.9092 272.68 61.9092C277.58 61.9092 281.3 58.2192 281.3 52.0992Z"></path><path d="M334.54 52.0992C334.54 63.2292 327.18 70.3492 317.68 70.3492C313.46 70.3492 310 68.9692 307.49 66.0692V82.5992H297.67V34.3792H307.05V38.4592C309.5 35.3592 313.15 33.8492 317.68 33.8492C327.18 33.8492 334.54 40.9592 334.54 52.0992ZM324.6 52.0992C324.6 45.9692 320.89 42.2892 315.98 42.2892C311.07 42.2892 307.36 45.9792 307.36 52.0992C307.36 58.2192 311.07 61.9092 315.98 61.9092C320.89 61.9092 324.6 58.2192 324.6 52.0992Z"></path></g></svg></div><button class="ewm0vog4 css-ltkiwo-IconButtonWrap-BackButton-MobileBackButton e1s566520"><svg xmlns="http://www.w3.org/2000/svg" width="24" height="24" class="" viewBox="0 0 24 24" fill="none" stroke="currentColor" stroke-width="2" stroke-linecap="round" stroke-linejoin="round"><line x1="19" y1="12" x2="5" y2="12"></line><polyline points="12 19 5 12 12 5"></polyline></svg></button><div class="css-14j8cuz-DialogContentWrap ewm0vog3" style="height: 192px;"><div class="css-tfjyy1-DialogContent ewm0vog2" style="transform: translateY(0px) translateX(100%); transition: transform 250ms cubic-bezier(0.4, 0, 0.2, 1);"><h1 class="css-1hluz9g-StyledHeader ewm0vog14"><button class="ewm0vog5 css-1s84fl6-IconButtonWrap-BackButton e1s566520"><svg xmlns="http://www.w3.org/2000/svg" width="24" height="24" class="" viewBox="0 0 24 24" fill="none" stroke="currentColor" stroke-width="2" stroke-linecap="round" stroke-linejoin="round"><line x1="19" y1="12" x2="5" y2="12"></line><polyline points="12 19 5 12 12 5"></polyline></svg></button><div class="css-lxjtif-HeaderText ewm0vog13">Sign in with Netlify Identity</div></h1><div class="css-c3384r-StyledSubtitle ewm0vog12">Enter your email address and password to sign in.</div><form class="css-xhveqa-StyledForm ewm0vog11"><div class="ewm0vog10 css-uc7lzk-FieldWrap-FieldWrap-FieldWrap-FieldWrap-StyledTextField e1x0ipyd6"><div class="css-1hbyzc1-FieldInside-FieldInside-FieldInside e1x0ipyd5"><label class="css-1n9k11u-Label-StyledLabel e1x0ipyd3">Email </label><div class="css-dj548v-ChildrenWrap e1x0ipyd4"><input type="text" placeholder="Type email" autocomplete="off" class="css-h0pblb-StyledInput e4jt8f0" value=""></div><button class="e1x0ipyd2 css-1bxp4yi-IconButtonWrap-StyledIconButton e1s566520"><svg xmlns="http://www.w3.org/2000/svg" width="20" height="20" class="" viewBox="0 0 24 24" fill="none" stroke="currentColor" stroke-width="2" stroke-linecap="round" stroke-linejoin="round"><path d="M4 4h16c1.1 0 2 .9 2 2v12c0 1.1-.9 2-2 2H4c-1.1 0-2-.9-2-2V6c0-1.1.9-2 2-2z"></path><polyline points="22,6 12,13 2,6"></polyline></svg></button></div><div class="css-vdsrx7-FocusIndicator e1x0ipyd7"></div></div><div class="ewm0vog10 css-uc7lzk-FieldWrap-FieldWrap-FieldWrap-FieldWrap-StyledTextField e1x0ipyd6"><div class="css-1hbyzc1-FieldInside-FieldInside-FieldInside e1x0ipyd5"><label class="css-1n9k11u-Label-StyledLabel e1x0ipyd3">Password </label><div class="css-dj548v-ChildrenWrap e1x0ipyd4"><input type="password" placeholder="Type password" autocomplete="off" class="css-h0pblb-StyledInput e4jt8f0" value=""></div><button class="e1x0ipyd2 css-1bxp4yi-IconButtonWrap-StyledIconButton e1s566520"><svg xmlns="http://www.w3.org/2000/svg" width="20" height="20" class="" viewBox="0 0 24 24" fill="none" stroke="currentColor" stroke-width="2" stroke-linecap="round" stroke-linejoin="round"><rect x="3" y="11" width="18" height="11" rx="2" ry="2"></rect><path d="M7 11V7a5 5 0 0 1 10 0v4"></path></svg></button></div><div class="css-vdsrx7-FocusIndicator e1x0ipyd7"></div></div><p class="css-dtidy9-ForgotPasswordLink ewm0vog9">Forgot your password?</p><div direction="vertical" class="css-10ra1h5-ButtonGroup-StyledButtonGroup-LoginButtonGroup ewm0vog7"><button type="success" class="ewm0vog6 css-1fvaxsz-StyledButton-StyledButton-LoginButton e9pg3mh2">Login</button></div></form></div><div class="css-dwuxl-DialogContent ewm0vog2" style="transform: translateX(0px) translateY(0px); transition: transform 250ms cubic-bezier(0.4, 0, 0.2, 1);"><div direction="vertical" class="css-1l4c5hw-ButtonGroup-StyledButtonGroup ewm0vog8"><button type="primary" class="ewm0vog6 css-7e2ix8-StyledButton-StyledButton-LoginButton e9pg3mh2" color="#00C7B7"><svg xmlns="http://www.w3.org/2000/svg" width="20" height="20" class="css-1yl0z6r-StyledIcon e9pg3mh0" viewBox="0 0 24 24" fill="none" stroke="currentColor" stroke-width="1" stroke-linecap="round" stroke-linejoin="round"><path d="M13.7055416,1.70554156 L22.2944584,10.2944584 C23.236403,11.236403 23.236403,12.763597 22.2944584,13.7055416 L13.7055416,22.2944584 C12.763597,23.236403 11.236403,23.236403 10.2944584,22.2944584 L1.70554156,13.7055416 C0.763596965,12.763597 0.763596965,11.236403 1.70554156,10.2944584 L10.2944584,1.70554156 C11.236403,0.763596965 12.763597,0.763596965 13.7055416,1.70554156 Z" id="Rectangle" stroke-width="2"></path><circle id="Oval" cx="11" cy="7" r="1"></circle><circle id="Oval-Copy-2" cx="17" cy="10" r="1"></circle><circle id="Oval-Copy-3" cx="16" cy="15" r="1"></circle><circle id="Oval-Copy" cx="7" cy="13" r="1"></circle><line x1="13.6857374" y1="2.95477387" x2="5" y2="16" id="Line"></line><line x1="17.6561729" y1="6.5520144" x2="15" y2="19.9664341" id="Line"></line><line x1="1.81602838" y1="11.758794" x2="19.2749692" y2="15.7386935" id="Line"></line><line x1="2.97" y1="14.1877629" x2="20.1" y2="9" id="Line"></line><line x1="7.80751716" y1="5.30653266" x2="22.0399509" y2="12.5427136" id="Line"></line><line x1="3.76738633" y1="8.92462312" x2="12.843138" y2="22.0701339" id="Line"></line></svg>Sign in with Netlify Identity</button><button type="primary" class="ewm0vog6 css-1uc3xxx-StyledButton-StyledButton-LoginButton e9pg3mh2" color="#333333"><svg xmlns="http://www.w3.org/2000/svg" width="20" height="20" class="css-1yl0z6r-StyledIcon e9pg3mh0" viewBox="0 0 24 24" fill="none" stroke="currentColor" stroke-width="2" stroke-linecap="round" stroke-linejoin="round"><path d="M9 19c-5 1.5-5-2.5-7-3m14 6v-3.87a3.37 3.37 0 0 0-.94-2.61c3.14-.35 6.44-1.54 6.44-7A5.44 5.44 0 0 0 20 4.77 5.07 5.07 0 0 0 19.91 1S18.73.65 16 2.48a13.38 13.38 0 0 0-7 0C6.27.65 5.09 1 5.09 1A5.07 5.07 0 0 0 5 4.77a5.44 5.44 0 0 0-1.5 3.78c0 5.42 3.3 6.61 6.44 7A3.37 3.37 0 0 0 9 18.13V22"></path></svg>Sign in with Github</button><button type="primary" class="ewm0vog6 css-zvrhet-StyledButton-StyledButton-LoginButton e9pg3mh2" color="#E24329"><svg xmlns="http://www.w3.org/2000/svg" width="20" height="20" class="css-1yl0z6r-StyledIcon e9pg3mh0" viewBox="0 0 24 24" fill="none" stroke="currentColor" stroke-width="2" stroke-linecap="round" stroke-linejoin="round"><path d="M22.65 14.39L12 22.13 1.35 14.39a.84.84 0 0 1-.3-.94l1.22-3.78 2.44-7.51A.42.42 0 0 1 4.82 2a.43.43 0 0 1 .58 0 .42.42 0 0 1 .11.18l2.44 7.49h8.1l2.44-7.51A.42.42 0 0 1 18.6 2a.43.43 0 0 1 .58 0 .42.42 0 0 1 .11.18l2.44 7.51L23 13.45a.84.84 0 0 1-.35.94z"></path></svg>Sign in with Gitlab</button><button type="primary" class="ewm0vog6 css-jrkdak-StyledButton-StyledButton-LoginButton e9pg3mh2" color="#0146b3"><svg xmlns="http://www.w3.org/2000/svg" width="20" height="20" class="css-1yl0z6r-StyledIcon e9pg3mh0" viewBox="0 0 24 24" fill="none" stroke="currentColor" stroke-width="2" stroke-linecap="round" stroke-linejoin="round"><path d="M1.71397998,2 C1.50574475,1.99734416 1.30697963,2.08785953 1.17100328,2.24732477 C1.03502695,2.40679001 0.975758232,2.6188819 1.00909596,2.82670687 L4.00132862,21.1911084 C4.07828437,21.6549914 4.47358908,21.9960436 4.93882436,22 L19.2937874,22 C19.6429818,22.0044839 19.9428246,21.7498492 19.9986714,21.4013334 L22.990904,2.83027001 C23.0242418,2.62244503 22.964973,2.41035316 22.8289967,2.2508879 C22.6930203,2.09142266 22.4942553,2.00090729 22.2860201,2.00362253 L1.71397998,2 Z M14.3790035,16 L9.75266908,16 L8.5,9 L15.5,9 L14.3790035,16 Z"></path> </svg>Sign in with Bitbucket</button></div></div></div><footer class="css-1ywhjun-DialogFooter ewm0vog1"><span>Need an account? <a href="#">Create one</a>.</span><div class="css-7x94of-ButtonGroup-StyledButtonGroup-FooterButtonGroup ewm0vog0"><button type="primary" class="ewm0vog6 css-ppedtp-StyledButton-StyledButton-LoginButton e9pg3mh2">Forgot my Password</button><button type="primary" class="ewm0vog6 css-ppedtp-StyledButton-StyledButton-LoginButton e9pg3mh2">Sign up</button></div></footer></div></section>"`;
