// Jest Snapshot v1, https://goo.gl/fbAQLP

exports[`Fields/SelectField _SelectField smoke-test 1`] = `"<div class="e1tb6zyk0 css-1jdfd9f-FieldWrap-StyledSelectField e1x0ipyd6"><div class="css-kuth3m-FieldInside-FieldInside-FieldInside-FieldInside e1x0ipyd5"><label for="category" class="css-1n9k11u-Label-StyledLabel e1x0ipyd3">Category </label><div class="css-dj548v-ChildrenWrap e1x0ipyd4"><input readonly="" type="text" id="category" name="category" placeholder="Select a Category..." autocomplete="off" class="css-gfgrnx-StyledInput e4jt8f0" value=""></div><button class="e1x0ipyd2 css-12u9ugq-IconButtonWrap-StyledIconButton e1s566520"><svg xmlns="http://www.w3.org/2000/svg" width="20" height="20" class="" viewBox="0 0 24 24" fill="none" stroke="currentColor" stroke-width="2" stroke-linecap="round" stroke-linejoin="round"><polyline points="6 9 12 15 18 9"></polyline></svg></button></div></div>"`;
