// Jest Snapshot v1, https://goo.gl/fbAQLP

exports[`Foundations/Shadows _Shadows smoke-test 1`] = `"<h1> Shadows</h1><div class="css-e0vqb1-Wrapper e4ghpa76"><div class="css-psljlt-ElevationWrapper e4ghpa75"><div elevation="xs" direction="up" class="css-15j06vv-Card-StyledCard e4ghpa74"><ul class="css-1dlzwwr-PropertyList e4ghpa73"><li class="css-1mqariz-Property e4ghpa72"><p class="css-jtgqb6-PropertyName e4ghpa71">Elevation</p><pre class="css-1ik4qsu-PropertyValue e4ghpa70">xs</pre></li><li class="css-1mqariz-Property e4ghpa72"><p class="css-jtgqb6-PropertyName e4ghpa71">Direction</p><pre class="css-1ik4qsu-PropertyValue e4ghpa70">up</pre></li></ul></div><div elevation="xs" direction="down" class="css-1u0dqkj-Card-StyledCard e4ghpa74"><ul class="css-1dlzwwr-PropertyList e4ghpa73"><li class="css-1mqariz-Property e4ghpa72"><p class="css-jtgqb6-PropertyName e4ghpa71">Elevation</p><pre class="css-1ik4qsu-PropertyValue e4ghpa70">xs</pre></li><li class="css-1mqariz-Property e4ghpa72"><p class="css-jtgqb6-PropertyName e4ghpa71">Direction</p><pre class="css-1ik4qsu-PropertyValue e4ghpa70">down</pre></li></ul></div><div elevation="xs" direction="left" class="css-19nxtck-Card-StyledCard e4ghpa74"><ul class="css-1dlzwwr-PropertyList e4ghpa73"><li class="css-1mqariz-Property e4ghpa72"><p class="css-jtgqb6-PropertyName e4ghpa71">Elevation</p><pre class="css-1ik4qsu-PropertyValue e4ghpa70">xs</pre></li><li class="css-1mqariz-Property e4ghpa72"><p class="css-jtgqb6-PropertyName e4ghpa71">Direction</p><pre class="css-1ik4qsu-PropertyValue e4ghpa70">left</pre></li></ul></div><div elevation="xs" direction="right" class="css-bkzhy3-Card-StyledCard e4ghpa74"><ul class="css-1dlzwwr-PropertyList e4ghpa73"><li class="css-1mqariz-Property e4ghpa72"><p class="css-jtgqb6-PropertyName e4ghpa71">Elevation</p><pre class="css-1ik4qsu-PropertyValue e4ghpa70">xs</pre></li><li class="css-1mqariz-Property e4ghpa72"><p class="css-jtgqb6-PropertyName e4ghpa71">Direction</p><pre class="css-1ik4qsu-PropertyValue e4ghpa70">right</pre></li></ul></div></div><div class="css-psljlt-ElevationWrapper e4ghpa75"><div elevation="sm" direction="up" class="css-17oav5w-Card-StyledCard e4ghpa74"><ul class="css-1dlzwwr-PropertyList e4ghpa73"><li class="css-1mqariz-Property e4ghpa72"><p class="css-jtgqb6-PropertyName e4ghpa71">Elevation</p><pre class="css-1ik4qsu-PropertyValue e4ghpa70">sm</pre></li><li class="css-1mqariz-Property e4ghpa72"><p class="css-jtgqb6-PropertyName e4ghpa71">Direction</p><pre class="css-1ik4qsu-PropertyValue e4ghpa70">up</pre></li></ul></div><div elevation="sm" direction="down" class="css-5s7ryg-Card-StyledCard e4ghpa74"><ul class="css-1dlzwwr-PropertyList e4ghpa73"><li class="css-1mqariz-Property e4ghpa72"><p class="css-jtgqb6-PropertyName e4ghpa71">Elevation</p><pre class="css-1ik4qsu-PropertyValue e4ghpa70">sm</pre></li><li class="css-1mqariz-Property e4ghpa72"><p class="css-jtgqb6-PropertyName e4ghpa71">Direction</p><pre class="css-1ik4qsu-PropertyValue e4ghpa70">down</pre></li></ul></div><div elevation="sm" direction="left" class="css-1j24b85-Card-StyledCard e4ghpa74"><ul class="css-1dlzwwr-PropertyList e4ghpa73"><li class="css-1mqariz-Property e4ghpa72"><p class="css-jtgqb6-PropertyName e4ghpa71">Elevation</p><pre class="css-1ik4qsu-PropertyValue e4ghpa70">sm</pre></li><li class="css-1mqariz-Property e4ghpa72"><p class="css-jtgqb6-PropertyName e4ghpa71">Direction</p><pre class="css-1ik4qsu-PropertyValue e4ghpa70">left</pre></li></ul></div><div elevation="sm" direction="right" class="css-1khccbt-Card-StyledCard e4ghpa74"><ul class="css-1dlzwwr-PropertyList e4ghpa73"><li class="css-1mqariz-Property e4ghpa72"><p class="css-jtgqb6-PropertyName e4ghpa71">Elevation</p><pre class="css-1ik4qsu-PropertyValue e4ghpa70">sm</pre></li><li class="css-1mqariz-Property e4ghpa72"><p class="css-jtgqb6-PropertyName e4ghpa71">Direction</p><pre class="css-1ik4qsu-PropertyValue e4ghpa70">right</pre></li></ul></div></div><div class="css-psljlt-ElevationWrapper e4ghpa75"><div elevation="md" direction="up" class="css-951brl-Card-StyledCard e4ghpa74"><ul class="css-1dlzwwr-PropertyList e4ghpa73"><li class="css-1mqariz-Property e4ghpa72"><p class="css-jtgqb6-PropertyName e4ghpa71">Elevation</p><pre class="css-1ik4qsu-PropertyValue e4ghpa70">md</pre></li><li class="css-1mqariz-Property e4ghpa72"><p class="css-jtgqb6-PropertyName e4ghpa71">Direction</p><pre class="css-1ik4qsu-PropertyValue e4ghpa70">up</pre></li></ul></div><div elevation="md" direction="down" class="css-twb7i9-Card-StyledCard e4ghpa74"><ul class="css-1dlzwwr-PropertyList e4ghpa73"><li class="css-1mqariz-Property e4ghpa72"><p class="css-jtgqb6-PropertyName e4ghpa71">Elevation</p><pre class="css-1ik4qsu-PropertyValue e4ghpa70">md</pre></li><li class="css-1mqariz-Property e4ghpa72"><p class="css-jtgqb6-PropertyName e4ghpa71">Direction</p><pre class="css-1ik4qsu-PropertyValue e4ghpa70">down</pre></li></ul></div><div elevation="md" direction="left" class="css-pn9qb7-Card-StyledCard e4ghpa74"><ul class="css-1dlzwwr-PropertyList e4ghpa73"><li class="css-1mqariz-Property e4ghpa72"><p class="css-jtgqb6-PropertyName e4ghpa71">Elevation</p><pre class="css-1ik4qsu-PropertyValue e4ghpa70">md</pre></li><li class="css-1mqariz-Property e4ghpa72"><p class="css-jtgqb6-PropertyName e4ghpa71">Direction</p><pre class="css-1ik4qsu-PropertyValue e4ghpa70">left</pre></li></ul></div><div elevation="md" direction="right" class="css-c1cmjd-Card-StyledCard e4ghpa74"><ul class="css-1dlzwwr-PropertyList e4ghpa73"><li class="css-1mqariz-Property e4ghpa72"><p class="css-jtgqb6-PropertyName e4ghpa71">Elevation</p><pre class="css-1ik4qsu-PropertyValue e4ghpa70">md</pre></li><li class="css-1mqariz-Property e4ghpa72"><p class="css-jtgqb6-PropertyName e4ghpa71">Direction</p><pre class="css-1ik4qsu-PropertyValue e4ghpa70">right</pre></li></ul></div></div><div class="css-psljlt-ElevationWrapper e4ghpa75"><div elevation="lg" direction="up" class="css-rs6xfh-Card-StyledCard e4ghpa74"><ul class="css-1dlzwwr-PropertyList e4ghpa73"><li class="css-1mqariz-Property e4ghpa72"><p class="css-jtgqb6-PropertyName e4ghpa71">Elevation</p><pre class="css-1ik4qsu-PropertyValue e4ghpa70">lg</pre></li><li class="css-1mqariz-Property e4ghpa72"><p class="css-jtgqb6-PropertyName e4ghpa71">Direction</p><pre class="css-1ik4qsu-PropertyValue e4ghpa70">up</pre></li></ul></div><div elevation="lg" direction="down" class="css-l2kdy9-Card-StyledCard e4ghpa74"><ul class="css-1dlzwwr-PropertyList e4ghpa73"><li class="css-1mqariz-Property e4ghpa72"><p class="css-jtgqb6-PropertyName e4ghpa71">Elevation</p><pre class="css-1ik4qsu-PropertyValue e4ghpa70">lg</pre></li><li class="css-1mqariz-Property e4ghpa72"><p class="css-jtgqb6-PropertyName e4ghpa71">Direction</p><pre class="css-1ik4qsu-PropertyValue e4ghpa70">down</pre></li></ul></div><div elevation="lg" direction="left" class="css-13wegqm-Card-StyledCard e4ghpa74"><ul class="css-1dlzwwr-PropertyList e4ghpa73"><li class="css-1mqariz-Property e4ghpa72"><p class="css-jtgqb6-PropertyName e4ghpa71">Elevation</p><pre class="css-1ik4qsu-PropertyValue e4ghpa70">lg</pre></li><li class="css-1mqariz-Property e4ghpa72"><p class="css-jtgqb6-PropertyName e4ghpa71">Direction</p><pre class="css-1ik4qsu-PropertyValue e4ghpa70">left</pre></li></ul></div><div elevation="lg" direction="right" class="css-1jn5101-Card-StyledCard e4ghpa74"><ul class="css-1dlzwwr-PropertyList e4ghpa73"><li class="css-1mqariz-Property e4ghpa72"><p class="css-jtgqb6-PropertyName e4ghpa71">Elevation</p><pre class="css-1ik4qsu-PropertyValue e4ghpa70">lg</pre></li><li class="css-1mqariz-Property e4ghpa72"><p class="css-jtgqb6-PropertyName e4ghpa71">Direction</p><pre class="css-1ik4qsu-PropertyValue e4ghpa70">right</pre></li></ul></div></div></div>"`;
