// Jest Snapshot v1, https://goo.gl/fbAQLP

exports[`Fields/DatetimeField _DatetimeField smoke-test 1`] = `"<div class="e2uy6hg0 css-m616ke-FieldWrap-StyledDatetimeField e1x0ipyd6"><div class="css-kuth3m-FieldInside-FieldInside-FieldInside-FieldInside e1x0ipyd5"><label class="css-1n9k11u-Label-StyledLabel e1x0ipyd3">Datetime Field Label <div color="neutral" radius="large" class="css-6930ng-BadgeWrap-BadgeWrap epfx4ki3">Required</div></label><div class="css-dj548v-ChildrenWrap e1x0ipyd4"><input readonly="" type="datetime-local" placeholder="Type datetime field label here" autocomplete="off" class="css-gfgrnx-StyledInput e4jt8f0" value="2024-08-17T15:07"></div><button class="e1x0ipyd2 css-12u9ugq-IconButtonWrap-StyledIconButton e1s566520"><svg xmlns="http://www.w3.org/2000/svg" width="20" height="20" class="" viewBox="0 0 24 24" fill="none" stroke="currentColor" stroke-width="2" stroke-linecap="round" stroke-linejoin="round"><rect x="3" y="4" width="18" height="18" rx="2" ry="2"></rect><line x1="16" y1="2" x2="16" y2="6"></line><line x1="8" y1="2" x2="8" y2="6"></line><line x1="3" y1="10" x2="21" y2="10"></line></svg></button><p class="css-nalsj0-StyledDescription e1x0ipyd1">This is a description</p></div></div>"`;
