// Jest Snapshot v1, https://goo.gl/fbAQLP

exports[`Components/NavMenu _NavMenu smoke-test 1`] = `"<div class="css-1e7ccdf-Wrap e1wi0j480"><div direction="right" class="css-3xmz98-Card-NavWrap e3l2qvv2"><nav class="css-15cedbk-NavContent e3l2qvv1"><ul class="css-q18oku-NavMenuGroup emydn7v0"><li class="css-1bc90pz-NavMenuListItem ebcguqr5"><a class="css-1waguwp-NavMenuLink ebcguqr4"><span class="css-gd6l0w-NavMenuItemInside ebcguqr2"><span class="css-uhdrym-NavItemContents ebcguqr0"><svg xmlns="http://www.w3.org/2000/svg" width="20" height="20" class="" viewBox="0 0 24 24" fill="none" stroke="currentColor" stroke-width="2" stroke-linecap="round" stroke-linejoin="round"><rect x="3" y="3" width="18" height="18" rx="2" ry="2"></rect><line x1="3" y1="9" x2="21" y2="9"></line><line x1="9" y1="21" x2="9" y2="9"></line></svg><span class="css-11eu9z8-Label ebcguqr1">Dashboard</span></span></span></a></li><li class="css-1bc90pz-NavMenuListItem ebcguqr5"><a class="css-1waguwp-NavMenuLink ebcguqr4"><span class="css-on5n4-NavMenuItemInside ebcguqr2"><span class="css-uhdrym-NavItemContents ebcguqr0"><svg xmlns="http://www.w3.org/2000/svg" width="20" height="20" class="" viewBox="0 0 24 24" fill="none" stroke="currentColor" stroke-width="2" stroke-linecap="round" stroke-linejoin="round"><rect x="2" y="2" width="4" height="20" rx="1"></rect><rect x="10" y="2" width="4" height="12" rx="1"></rect><rect x="18" y="2" width="4" height="16" rx="1"></rect></svg><span class="css-11eu9z8-Label ebcguqr1">Workflow</span></span></span></a></li><li class="css-1bc90pz-NavMenuListItem ebcguqr5"><a class="css-1waguwp-NavMenuLink ebcguqr4"><span class="css-on5n4-NavMenuItemInside ebcguqr2"><span class="css-uhdrym-NavItemContents ebcguqr0"><svg xmlns="http://www.w3.org/2000/svg" width="20" height="20" class="" viewBox="0 0 24 24" fill="none" stroke="currentColor" stroke-width="2" stroke-linecap="round" stroke-linejoin="round"><rect x="3" y="3" width="18" height="18" rx="2" ry="2"></rect><circle cx="8.5" cy="8.5" r="1.5"></circle><polyline points="21 15 16 10 5 21"></polyline></svg><span class="css-11eu9z8-Label ebcguqr1">Media</span></span></span></a></li><li class="css-1bc90pz-NavMenuListItem ebcguqr5"><a class="css-1waguwp-NavMenuLink ebcguqr4"><span class="css-on5n4-NavMenuItemInside ebcguqr2"><span class="css-uhdrym-NavItemContents ebcguqr0"><svg xmlns="http://www.w3.org/2000/svg" width="20" height="20" class="" viewBox="0 0 24 24" fill="none" stroke="currentColor" stroke-width="2" stroke-linecap="round" stroke-linejoin="round"><polygon points="14.2218254 2 22 9.77817459 20.5857864 11.1923882 17.7573593 11.1923882 13.5147186 15.4350288 13.5147186 18.263456 12.1005051 19.6776695 4.32233047 11.8994949 5.73654403 10.4852814 8.56497116 10.4852814 12.8076118 6.24264069 12.8076118 3.41421356"></polygon><line x1="8.21141777" y1="15.7885822" x2="2.55456352" y2="21.4454365"></line></svg><span class="css-11eu9z8-Label ebcguqr1">Posts</span></span></span></a></li><li class="css-1bc90pz-NavMenuListItem ebcguqr5"><a class="css-1waguwp-NavMenuLink ebcguqr4"><span class="css-on5n4-NavMenuItemInside ebcguqr2"><span class="css-uhdrym-NavItemContents ebcguqr0"><svg xmlns="http://www.w3.org/2000/svg" width="20" height="20" class="" viewBox="0 0 24 24" fill="none" stroke="currentColor" stroke-width="2" stroke-linecap="round" stroke-linejoin="round"><polyline points="22 12 16 12 14 15 10 15 8 12 2 12"></polyline><path d="M5.45 5.11L2 12v6a2 2 0 0 0 2 2h16a2 2 0 0 0 2-2v-6l-3.45-6.89A2 2 0 0 0 16.76 4H7.24a2 2 0 0 0-1.79 1.11z"></path></svg><span class="css-11eu9z8-Label ebcguqr1">Post Categories</span></span></span></a></li><li class="css-1bc90pz-NavMenuListItem ebcguqr5"><a class="css-1waguwp-NavMenuLink ebcguqr4"><span class="css-on5n4-NavMenuItemInside ebcguqr2"><span class="css-uhdrym-NavItemContents ebcguqr0"><svg xmlns="http://www.w3.org/2000/svg" width="20" height="20" class="" viewBox="0 0 24 24" fill="none" stroke="currentColor" stroke-width="2" stroke-linecap="round" stroke-linejoin="round"><path d="M14 2H6a2 2 0 0 0-2 2v16a2 2 0 0 0 2 2h12a2 2 0 0 0 2-2V8z"></path><polyline points="14 2 14 8 20 8"></polyline><line x1="16" y1="13" x2="8" y2="13"></line><line x1="16" y1="17" x2="8" y2="17"></line><polyline points="10 9 9 9 8 9"></polyline></svg><span class="css-11eu9z8-Label ebcguqr1">Pages</span></span></span></a></li><li class="css-1bc90pz-NavMenuListItem ebcguqr5"><a class="css-1waguwp-NavMenuLink ebcguqr4"><span class="css-on5n4-NavMenuItemInside ebcguqr2"><span class="css-uhdrym-NavItemContents ebcguqr0"><svg xmlns="http://www.w3.org/2000/svg" width="20" height="20" class="" viewBox="0 0 24 24" fill="none" stroke="currentColor" stroke-width="2" stroke-linecap="round" stroke-linejoin="round"><circle cx="9" cy="21" r="1"></circle><circle cx="20" cy="21" r="1"></circle><path d="M1 1h4l2.68 13.39a2 2 0 0 0 2 1.61h9.72a2 2 0 0 0 2-1.61L23 6H6"></path></svg><span class="css-11eu9z8-Label ebcguqr1">Products</span></span></span></a></li><li class="css-1bc90pz-NavMenuListItem ebcguqr5"><a class="css-1waguwp-NavMenuLink ebcguqr4"><span class="css-on5n4-NavMenuItemInside ebcguqr2"><span class="css-uhdrym-NavItemContents ebcguqr0"><svg xmlns="http://www.w3.org/2000/svg" width="20" height="20" class="" viewBox="0 0 24 24" fill="none" stroke="currentColor" stroke-width="2" stroke-linecap="round" stroke-linejoin="round"><line x1="16.5" y1="9.4" x2="7.5" y2="4.21"></line><path d="M21 16V8a2 2 0 0 0-1-1.73l-7-4a2 2 0 0 0-2 0l-7 4A2 2 0 0 0 3 8v8a2 2 0 0 0 1 1.73l7 4a2 2 0 0 0 2 0l7-4A2 2 0 0 0 21 16z"></path><polyline points="3.27 6.96 12 12.01 20.73 6.96"></polyline><line x1="12" y1="22.08" x2="12" y2="12"></line></svg><span class="css-11eu9z8-Label ebcguqr1">Product Categories</span></span></span></a></li><li class="css-1bc90pz-NavMenuListItem ebcguqr5"><a class="css-1waguwp-NavMenuLink ebcguqr4"><span class="css-on5n4-NavMenuItemInside ebcguqr2"><span class="css-uhdrym-NavItemContents ebcguqr0"><svg xmlns="http://www.w3.org/2000/svg" width="20" height="20" class="" viewBox="0 0 24 24" fill="none" stroke="currentColor" stroke-width="2" stroke-linecap="round" stroke-linejoin="round"><path d="M17 21v-2a4 4 0 0 0-4-4H5a4 4 0 0 0-4 4v2"></path><circle cx="9" cy="7" r="4"></circle><path d="M23 21v-2a4 4 0 0 0-3-3.87"></path><path d="M16 3.13a4 4 0 0 1 0 7.75"></path></svg><span class="css-11eu9z8-Label ebcguqr1">Authors</span></span></span></a></li><li class="css-1bc90pz-NavMenuListItem ebcguqr5"><a class="css-1waguwp-NavMenuLink ebcguqr4"><span class="css-on5n4-NavMenuItemInside ebcguqr2"><span class="css-uhdrym-NavItemContents ebcguqr0"><svg xmlns="http://www.w3.org/2000/svg" width="20" height="20" class="" viewBox="0 0 24 24" fill="none" stroke="currentColor" stroke-width="2" stroke-linecap="round" stroke-linejoin="round"><rect x="3" y="4" width="18" height="18" rx="2" ry="2"></rect><line x1="16" y1="2" x2="16" y2="6"></line><line x1="8" y1="2" x2="8" y2="6"></line><line x1="3" y1="10" x2="21" y2="10"></line></svg><span class="css-11eu9z8-Label ebcguqr1">Events</span></span></span></a></li></ul><ul class="css-aud7j0-NavMenuGroup emydn7v0"><li class="css-1bc90pz-NavMenuListItem ebcguqr5"><a class="css-1waguwp-NavMenuLink ebcguqr4" href="https://app.netlify.com/my-website/analytics" target="_blank" rel="noopener noreferred"><span class="css-on5n4-NavMenuItemInside ebcguqr2"><span class="css-uhdrym-NavItemContents ebcguqr0"><svg xmlns="http://www.w3.org/2000/svg" width="20" height="20" class="" viewBox="0 0 24 24" fill="none" stroke="currentColor" stroke-width="2" stroke-linecap="round" stroke-linejoin="round"><line x1="12" y1="20" x2="12" y2="10"></line><line x1="18" y1="20" x2="18" y2="4"></line><line x1="6" y1="20" x2="6" y2="16"></line></svg><span class="css-11eu9z8-Label ebcguqr1">Analytics</span><svg xmlns="http://www.w3.org/2000/svg" width="16" height="16" class="css-cx4hwm-ExternalLinkIcon ebcguqr3" viewBox="0 0 24 24" fill="none" stroke="currentColor" stroke-width="2" stroke-linecap="round" stroke-linejoin="round"><path d="M18 13v6a2 2 0 0 1-2 2H5a2 2 0 0 1-2-2V8a2 2 0 0 1 2-2h6"></path><polyline points="15 3 21 3 21 9"></polyline><line x1="10" y1="14" x2="21" y2="3"></line></svg></span></span></a></li><li class="css-1bc90pz-NavMenuListItem ebcguqr5"><a class="css-1waguwp-NavMenuLink ebcguqr4" href="https://app.netlify.com/my-website/" target="_blank" rel="noopener noreferred"><span class="css-on5n4-NavMenuItemInside ebcguqr2"><span class="css-uhdrym-NavItemContents ebcguqr0"><svg xmlns="http://www.w3.org/2000/svg" width="20" height="20" class="" viewBox="0 0 24 24" fill="none" stroke="currentColor" stroke-width="2" stroke-linecap="round" stroke-linejoin="round"><rect x="2" y="2" width="20" height="8" rx="2" ry="2"></rect><rect x="2" y="14" width="20" height="8" rx="2" ry="2"></rect><line x1="6" y1="6" x2="6" y2="6"></line><line x1="6" y1="18" x2="6" y2="18"></line></svg><span class="css-11eu9z8-Label ebcguqr1">Netlify</span><svg xmlns="http://www.w3.org/2000/svg" width="16" height="16" class="css-cx4hwm-ExternalLinkIcon ebcguqr3" viewBox="0 0 24 24" fill="none" stroke="currentColor" stroke-width="2" stroke-linecap="round" stroke-linejoin="round"><path d="M18 13v6a2 2 0 0 1-2 2H5a2 2 0 0 1-2-2V8a2 2 0 0 1 2-2h6"></path><polyline points="15 3 21 3 21 9"></polyline><line x1="10" y1="14" x2="21" y2="3"></line></svg></span></span></a></li><li class="css-1bc90pz-NavMenuListItem ebcguqr5"><a class="css-1waguwp-NavMenuLink ebcguqr4" href="https://github.com/joebob/my-website" target="_blank" rel="noopener noreferred"><span class="css-on5n4-NavMenuItemInside ebcguqr2"><span class="css-uhdrym-NavItemContents ebcguqr0"><svg xmlns="http://www.w3.org/2000/svg" width="20" height="20" class="" viewBox="0 0 24 24" fill="none" stroke="currentColor" stroke-width="2" stroke-linecap="round" stroke-linejoin="round"><path d="M9 19c-5 1.5-5-2.5-7-3m14 6v-3.87a3.37 3.37 0 0 0-.94-2.61c3.14-.35 6.44-1.54 6.44-7A5.44 5.44 0 0 0 20 4.77 5.07 5.07 0 0 0 19.91 1S18.73.65 16 2.48a13.38 13.38 0 0 0-7 0C6.27.65 5.09 1 5.09 1A5.07 5.07 0 0 0 5 4.77a5.44 5.44 0 0 0-1.5 3.78c0 5.42 3.3 6.61 6.44 7A3.37 3.37 0 0 0 9 18.13V22"></path></svg><span class="css-11eu9z8-Label ebcguqr1">Github Repository</span><svg xmlns="http://www.w3.org/2000/svg" width="16" height="16" class="css-cx4hwm-ExternalLinkIcon ebcguqr3" viewBox="0 0 24 24" fill="none" stroke="currentColor" stroke-width="2" stroke-linecap="round" stroke-linejoin="round"><path d="M18 13v6a2 2 0 0 1-2 2H5a2 2 0 0 1-2-2V8a2 2 0 0 1 2-2h6"></path><polyline points="15 3 21 3 21 9"></polyline><line x1="10" y1="14" x2="21" y2="3"></line></svg></span></span></a></li><li class="css-1bc90pz-NavMenuListItem ebcguqr5"><a class="css-1waguwp-NavMenuLink ebcguqr4"><span class="css-on5n4-NavMenuItemInside ebcguqr2"><span class="css-uhdrym-NavItemContents ebcguqr0"><svg xmlns="http://www.w3.org/2000/svg" width="20" height="20" class="" viewBox="0 0 24 24" fill="none" stroke="currentColor" stroke-width="2" stroke-linecap="round" stroke-linejoin="round"><circle cx="12" cy="12" r="3"></circle><path d="M19.4 15a1.65 1.65 0 0 0 .33 1.82l.06.06a2 2 0 0 1 0 2.83 2 2 0 0 1-2.83 0l-.06-.06a1.65 1.65 0 0 0-1.82-.33 1.65 1.65 0 0 0-1 1.51V21a2 2 0 0 1-2 2 2 2 0 0 1-2-2v-.09A1.65 1.65 0 0 0 9 19.4a1.65 1.65 0 0 0-1.82.33l-.06.06a2 2 0 0 1-2.83 0 2 2 0 0 1 0-2.83l.06-.06a1.65 1.65 0 0 0 .33-1.82 1.65 1.65 0 0 0-1.51-1H3a2 2 0 0 1-2-2 2 2 0 0 1 2-2h.09A1.65 1.65 0 0 0 4.6 9a1.65 1.65 0 0 0-.33-1.82l-.06-.06a2 2 0 0 1 0-2.83 2 2 0 0 1 2.83 0l.06.06a1.65 1.65 0 0 0 1.82.33H9a1.65 1.65 0 0 0 1-1.51V3a2 2 0 0 1 2-2 2 2 0 0 1 2 2v.09a1.65 1.65 0 0 0 1 1.51 1.65 1.65 0 0 0 1.82-.33l.06-.06a2 2 0 0 1 2.83 0 2 2 0 0 1 0 2.83l-.06.06a1.65 1.65 0 0 0-.33 1.82V9a1.65 1.65 0 0 0 1.51 1H21a2 2 0 0 1 2 2 2 2 0 0 1-2 2h-.09a1.65 1.65 0 0 0-1.51 1z"></path></svg><span class="css-11eu9z8-Label ebcguqr1">Settings</span></span></span></a></li></ul></nav><li class="css-1bc90pz-NavMenuListItem ebcguqr5"><a class="e3l2qvv0 css-1tuivem-NavMenuLink-CondenseNavMenuItem ebcguqr4"><span class="css-on5n4-NavMenuItemInside ebcguqr2"><span class="css-uhdrym-NavItemContents ebcguqr0"><svg xmlns="http://www.w3.org/2000/svg" width="20" height="20" class="" viewBox="0 0 24 24" fill="none" stroke="currentColor" stroke-width="2" stroke-linecap="round" stroke-linejoin="round"><polyline points="9 18 15 12 9 6"></polyline></svg><span class="css-11eu9z8-Label ebcguqr1"></span></span></span></a></li></div></div>"`;
