// Jest Snapshot v1, https://goo.gl/fbAQLP

exports[`Fields/ObjectField _ObjectField smoke-test 1`] = `"<div class="e1wdm66w0 e6zctmv0 css-1j1albh-FieldWrap-StyledField-StyledObjectField e1x0ipyd6"><div class="css-t9hsmw-FieldInside-FieldInside e1x0ipyd5" style="padding-top: 0px; padding-bottom: 0px; padding-right: 0px;"><label class="css-r9gw8d-Label-StyledLabel e1x0ipyd3"> </label><div class="css-dj548v-ChildrenWrap e1x0ipyd4"><div class="css-6et2o-TreeWrap e1vyjth0"><div class="css-1fe3spy-TreeHeader e1vyjth5"><button type="primary" class="e1vyjth9 css-1w966m3-StyledButton-StyledButton-ExpandButton e9pg3mh2" aria-expanded="true" data-no-dnd="true"><svg xmlns="http://www.w3.org/2000/svg" width="20" height="20" class="css-11wxfmo-ExpandIcon e1vyjth8" viewBox="0 0 24 24" fill="none" stroke="currentColor" stroke-width="2" stroke-linecap="round" stroke-linejoin="round"><polyline points="9 18 15 12 9 6"></polyline></svg></button><div class="css-wjjdoj-TreeHeaderText e1vyjth4"><label class="css-1wcy17e-Label-StyledLabel e1vyjth7">Link</label></div></div><div class="css-4j3v1g-TreeContentWrap e1vyjth2" style="height: auto; margin-top: -0.5rem;"><div data-no-dnd="true" class="css-9d6ng3-TreeContent e1vyjth1" style="transform: translate3d(0px, 0px, 0px); opacity: 1;"><div class="css-1rig8r-FieldWrap e1x0ipyd6"><div class="css-1mlik5w-FieldInside-FieldInside-FieldInside-FieldInside-FieldInside e1x0ipyd5"><label for="featureLinkText" class="css-11m1vnj-Label-StyledLabel e1x0ipyd3">Text </label><div class="css-dj548v-ChildrenWrap e1x0ipyd4"><input type="text" id="featureLinkText" name="featureLinkText" placeholder="Type text here" autocomplete="off" class="css-h0pblb-StyledInput e4jt8f0" value=""></div></div></div><div class="css-1rig8r-FieldWrap e1x0ipyd6"><div class="css-1mlik5w-FieldInside-FieldInside-FieldInside-FieldInside-FieldInside e1x0ipyd5"><label for="featureLinkPath" class="css-11m1vnj-Label-StyledLabel e1x0ipyd3">Path </label><div class="css-dj548v-ChildrenWrap e1x0ipyd4"><input type="text" id="featureLinkPath" name="featureLinkPath" placeholder="Type path here" autocomplete="off" class="css-h0pblb-StyledInput e4jt8f0" value=""></div></div></div><div class="css-1rig8r-FieldWrap e1x0ipyd6"><div class="css-1mlik5w-FieldInside-FieldInside-FieldInside-FieldInside-FieldInside e1x0ipyd5"><label for="newWindow" class="css-11m1vnj-Label-StyledLabel e1x0ipyd3">Open In New Window </label><div class="css-dj548v-ChildrenWrap e1x0ipyd4"><input type="checkbox" class="css-1rg9wi1-StyledInput e1lye9la1"><button class="css-1407tdr-SwitchButton e1lye9la0"></button></div></div></div></div></div></div></div></div></div>"`;
